// Vitest Snapshot v1, https://vitest.dev/guide/snapshot.html

exports[`Markdown Processor - Snapshot Tests > should handle complex markdown document with all features 1`] = `
[
  {
    "length": 24,
    "newText": "Main Title with “Quotes”",
    "offset": 53,
  },
  {
    "length": 65,
    "newText": "This is a paragraph with “smart quotes” that should be converted.",
    "offset": 79,
  },
  {
    "length": 21,
    "newText": "Here is inline code:",
    "offset": 164,
  },
  {
    "length": 27,
    "newText": "which should be preserved.",
    "offset": 205,
  },
  {
    "length": 24,
    "newText": "First item with “quotes”",
    "offset": 366,
  },
  {
    "length": 30,
    "newText": "Nested item with “more quotes”",
    "offset": 409,
  },
  {
    "length": 19,
    "newText": "Numbered item “one”",
    "offset": 457,
  },
  {
    "length": 19,
    "newText": "Numbered item “two”",
    "offset": 480,
  },
  {
    "length": 10,
    "newText": "This is a",
    "offset": 621,
  },
  {
    "length": 18,
    "newText": "link with “quotes”",
    "offset": 632,
  },
  {
    "length": 13,
    "newText": "in the text.",
    "offset": 671,
  },
  {
    "length": 10,
    "newText": "Text with",
    "offset": 686,
  },
  {
    "length": 19,
    "newText": "“emphasized quotes”",
    "offset": 697,
  },
  {
    "length": 5,
    "newText": "and",
    "offset": 717,
  },
  {
    "length": 13,
    "newText": "“bold quotes”",
    "offset": 724,
  },
  {
    "length": 51,
    "newText": "This is a quote with “quotes inside”
Multiple lines",
    "offset": 760,
  },
  {
    "length": 43,
    "newText": "Another paragraph with “quotes” to process.",
    "offset": 835,
  },
]
`;

exports[`Markdown Processor - Snapshot Tests > should handle edge case: empty document 1`] = `[]`;

exports[`Markdown Processor - Snapshot Tests > should handle edge case: only code blocks 1`] = `[]`;

exports[`Markdown Processor - Snapshot Tests > should handle edge case: only whitespace 1`] = `[]`;

exports[`Markdown Processor - Snapshot Tests > should handle markdown with multiple code blocks 1`] = `
[
  {
    "length": 19,
    "newText": "Text with “quotes”.",
    "offset": 1,
  },
  {
    "length": 24,
    "newText": "More text with “quotes”.",
    "offset": 45,
  },
  {
    "length": 25,
    "newText": "Final text with “quotes”.",
    "offset": 106,
  },
]
`;

exports[`Markdown Processor - Snapshot Tests > should handle markdown with nested structures 1`] = `
[
  {
    "length": 24,
    "newText": "Blockquote with “quotes”",
    "offset": 12,
  },
  {
    "length": 32,
    "newText": "List in blockquote with “quotes”",
    "offset": 43,
  },
  {
    "length": 31,
    "newText": "Normal paragraph with “quotes”.",
    "offset": 136,
  },
]
`;
